bkblk class
bknwy class
bkon8 class
bkona class
bkspr class
bkxbq class
bkxcr class
bkxwp class
blxwp class
bxqsq class
cntxt class
dsopp class
dwipd class
hdchk class
katri class
mulch class
qxmsq class
r2ar8 class
reskd class
reskr class
rimmx class
rkxwp class
rxmsq class
simpl class
skach class
skewr class
skrxp class
spcop class
stlmt class
thrsk class
wkcti class
wkna8 class
wknck class
wkovl class
wkpos class
wtoeg class

won nowin 0.579111586255
won nowin 0.579596053563
nowin nowin 0.653706640659
nowin nowin 0.904154219408
nowin nowin 0.891952830342
nowin nowin 0.503565747352
nowin nowin 0.835229138253
nowin nowin 0.816038671311
nowin nowin 0.587428593690
nowin nowin 0.876774354949
nowin nowin 0.554762257936
won nowin 0.566543834987
nowin nowin 0.792674606571
won nowin 0.598970634204
nowin nowin 0.531542654404
won nowin 0.501271946252
nowin nowin 0.754124418436
won nowin 0.501768927094
won nowin 0.534570236978
nowin nowin 0.922885144583
nowin nowin 0.945779339048
nowin nowin 0.938631198802
won nowin 0.621229662384
won nowin 0.651626639335
nowin nowin 0.563237134344
nowin nowin 0.622370622803
won nowin 0.652077784625
won nowin 0.681269295854
nowin nowin 0.776163051731
nowin nowin 0.880010104866
nowin nowin 0.903596296592
won nowin 0.538843725874
won nowin 0.571289644620
nowin nowin 0.698192342558
nowin nowin 0.920385164591
won nowin 0.571776457801
won nowin 0.603609814437
won nowin 0.707728427620
won nowin 0.704771708928
won nowin 0.544992736140
won nowin 0.684989557204
won nowin 0.712636599491
nowin nowin 0.554185253890
nowin nowin 0.861342171795
won nowin 0.713043529373
won nowin 0.739165959929
won nowin 0.677539930996
nowin nowin 0.521032929001
won nowin 0.837385251775
nowin nowin 0.723405567293
nowin nowin 0.769719837184
nowin nowin 0.928925822582
nowin nowin 0.660917378029
nowin nowin 0.840476583028
nowin nowin 0.630408785091
nowin nowin 0.511566899301
nowin nowin 0.688980417538
nowin nowin 0.738979104688
won nowin 0.521770795839
nowin nowin 0.856250574924
nowin nowin 0.926462119165
nowin nowin 0.967496953788
nowin nowin 0.595164739781
nowin nowin 0.798951063067
nowin nowin 0.952058201793
nowin nowin 0.562654900230
nowin nowin 0.779970154763
won nowin 0.558666325639
nowin nowin 0.681058861129
won nowin 0.591257268603
nowin nowin 0.817941740003
won nowin 0.541156925488
won nowin 0.573568891301
won nowin 0.686995509581
won nowin 0.609932394629
won nowin 0.641169146464
won nowin 0.764176738273
nowin nowin 0.592918998112
won nowin 0.560961108446
nowin nowin 0.523487348800
won nowin 0.628804283561
nowin won 0.814271737996
nowin won 0.851780697238
nowin won 0.816715236290
nowin won 0.869100896573
nowin won 0.867846447945
nowin won 0.852031500109
nowin won 0.595997441354
nowin won 0.585027281699
nowin won 0.677483007629
nowin won 0.675078753562
nowin won 0.645615199758
nowin won 0.652976108927
nowin won 0.737096128605
nowin won 0.708584976687
nowin won 0.682559877639
nowin won 0.816825008597
nowin won 0.971066012868
nowin won 0.879090702568
won won 0.511968730818
nowin won 0.527682787915
nowin won 0.685587093158
nowin won 0.726855869240
nowin won 0.515630384573
nowin won 0.684671987925
nowin won 0.877946043599
nowin won 0.573677673951
nowin won 0.739997030264
nowin won 0.548832851967
nowin won 0.567963112451
nowin won 0.605941992349
nowin won 0.764834014996
nowin won 0.702497341988
nowin won 0.507140389051
won won 0.643033995571
nowin won 0.887557768908
nowin won 0.817659924296
nowin won 0.756327637297
nowin won 0.697968111995
nowin won 0.791931216922
nowin won 0.927562668391
nowin won 0.940411458688
nowin won 0.947462907187
nowin won 0.940522760991
nowin won 0.929045543204
nowin won 0.919878204440
nowin won 0.850872999299
nowin won 0.833416716764
nowin won 0.567227328883
nowin won 0.608305413357
nowin won 0.869748807271
nowin won 0.649131688426
won won 0.624868519446
nowin won 0.770821549945
nowin won 0.793535545189
won won 0.559184598900
won won 0.526086123107
won won 0.519770905805
nowin won 0.557876896793
won won 0.758149910735
won won 0.896729847039
nowin won 0.741653187113
nowin won 0.673764446287
nowin won 0.539459681959
won won 0.917234879405
won won 0.906526536671
won won 0.618886296395
won won 0.961234859701
won won 0.851346681004
won won 0.891698044809
won won 0.955945914460
won won 0.833659536591
nowin won 0.663386743933
nowin won 0.769872161306
won won 0.537984542241
won won 0.885073194189
nowin won 0.828305293799
won won 0.686837481616
nowin won 0.625823714715
won won 0.844560907182
won won 0.607439856800
won won 0.746443196868
won won 0.908869937932
won won 0.739604660345
won won 0.870789876467
won won 0.657452297687
nowin won 0.656504563925
nowin won 0.954462489994
won won 0.925753533340
won won 0.871062575033
won won 0.958136231064
won won 0.964472981115
won won 0.963225095380
won won 0.793626668785

78
